=== Environment Debug ===
.env file path: C:\Users\Moresh Mishra\Panvel_2\Mission_panvel\Panvel\HeadTTS\.env
.env file exists: True
MONGO_URI from .env: mongodb+srv://mauryabhoomi643_db_user:kmZVXX3MKHZq...
System MONGO environment variables found:
  MONGOSH: C:\Users\Moresh Mishra\Downloads\mongosh-2.5.3-win...
  MONGO_URI: mongodb+srv://mauryabhoomi643_db_user:kmZVXX3MKHZq...
========================
Using MongoDB URI from .env: mongodb+srv://mauryabhoomi643_db_user:kmZVXX3MKHZq...
Attempting to connect to MongoDB with URI: mongodb+srv://mauryabhoomi643_db_user:kmZVXX3MKHZq...
Using certifi CA bundle: C:\Users\Moresh Mishra\Panvel_2\Mission_panvel\.venv\lib\site-packages\certifi\cacert.pem
Traceback (most recent call last):
  File "C:\Users\Moresh Mishra\Panvel_2\Mission_panvel\Panvel\HeadTTS\app.py", line 79, in <module>
    result = client.admin.command('ping')
  File "C:\Users\Moresh Mishra\Panvel_2\Mission_panvel\.venv\lib\site-packages\pymongo\_csot.py", line 108, in csot_wrapper
    return func(self, *args, **kwargs)
  File "C:\Users\Moresh Mishra\Panvel_2\Mission_panvel\.venv\lib\site-packages\pymongo\database.py", line 892, in command
    with self.__client._conn_for_reads(read_preference, session) as (
  File "C:\Users\Moresh Mishra\Panvel_2\Mission_panvel\.venv\lib\site-packages\pymongo\mongo_client.py", line 1340, in _conn_for_reads
    server = self._select_server(read_preference, session)
  File "C:\Users\Moresh Mishra\Panvel_2\Mission_panvel\.venv\lib\site-packages\pymongo\mongo_client.py", line 1297, in _select_server
    server = topology.select_server(server_selector)
  File "C:\Users\Moresh Mishra\Panvel_2\Mission_panvel\.venv\lib\site-packages\pymongo\topology.py", line 312, in select_server
    server = self._select_server(selector, server_selection_timeout, address)
  File "C:\Users\Moresh Mishra\Panvel_2\Mission_panvel\.venv\lib\site-packages\pymongo\topology.py", line 296, in _select_server
    servers = self.select_servers(selector, server_selection_timeout, address)
  File "C:\Users\Moresh Mishra\Panvel_2\Mission_panvel\.venv\lib\site-packages\pymongo\topology.py", line 247, in select_servers
    server_descriptions = self._select_servers_loop(selector, server_timeout, address)
  File "C:\Users\Moresh Mishra\Panvel_2\Mission_panvel\.venv\lib\site-packages\pymongo\topology.py", line 269, in _select_servers_loop
    raise ServerSelectionTimeoutError(
pymongo.errors.ServerSelectionTimeoutError: SSL handshake failed: ac-xtzzad4-shard-00-00.dyyzedd.mongodb.net:27017: [SSL: TLSV1_ALERT_INTERNAL_ERROR] tlsv1 alert internal error (_ssl.c:1007),SSL handshake failed: ac-xtzzad4-shard-00-02.dyyzedd.mongodb.net:27017: [SSL: TLSV1_ALERT_INTERNAL_ERROR] tlsv1 alert internal error (_ssl.c:1007),SSL handshake failed: ac-xtzzad4-shard-00-01.dyyzedd.mongodb.net:27017: [SSL: TLSV1_ALERT_INTERNAL_ERROR] tlsv1 alert internal error (_ssl.c:1007), Timeout: 10.0s, Topology Description: <TopologyDescription id: 69a2047e0a37ada5eef6bab8, topology_type: ReplicaSetNoPrimary, servers: [<ServerDescription ('ac-xtzzad4-shard-00-00.dyyzedd.mongodb.net', 27017) server_type: Unknown, rtt: None, error=AutoReconnect('SSL handshake failed: ac-xtzzad4-shard-00-00.dyyzedd.mongodb.net:27017: [SSL: TLSV1_ALERT_INTERNAL_ERROR] tlsv1 alert internal error (_ssl.c:1007)')>, <ServerDescription ('ac-xtzzad4-shard-00-01.dyyzedd.mongodb.net', 27017) server_type: Unknown, rtt: None, error=AutoReconnect('SSL handshake failed: ac-xtzzad4-shard-00-01.dyyzedd.mongodb.net:27017: [SSL: TLSV1_ALERT_INTERNAL_ERROR] tlsv1 alert internal error (_ssl.c:1007)')>, <ServerDescription ('ac-xtzzad4-shard-00-02.dyyzedd.mongodb.net', 27017) server_type: Unknown, rtt: None, error=AutoReconnect('SSL handshake failed: ac-xtzzad4-shard-00-02.dyyzedd.mongodb.net:27017: [SSL: TLSV1_ALERT_INTERNAL_ERROR] tlsv1 alert internal error (_ssl.c:1007)')>]>

During handling of the above exception, another exception occurred:

Traceback (most recent call last):
  File "C:\Users\Moresh Mishra\Panvel_2\Mission_panvel\Panvel\HeadTTS\app.py", line 87, in <module>
    print(f"\u274c MongoDB client initialization failed: {e}")
  File "C:\Users\Moresh Mishra\AppData\Local\Programs\Python\Python310\lib\encodings\cp1252.py", line 19, in encode
    return codecs.charmap_encode(input,self.errors,encoding_table)[0]
UnicodeEncodeError: 'charmap' codec can't encode character '\u274c' in position 0: character maps to <undefined>
